// Vitest Snapshot v1, https://vitest.dev/guide/snapshot.html

exports[`<Header /> > renders header 1`] = `
<div>
  <header
    class="_container_f4f7a7"
  >
    <div
      class="_menu_f4f7a7"
    >
      <a
        class="_link_a14c64"
        href="/p/gRb8jEQx"
      >
        <svg
          aria-hidden="true"
          class="_icon_1e9999"
          focusable="false"
          viewBox="0 0 32 28"
          xmlns="http://www.w3.org/2000/svg"
        >
          <g
            fill="transparent"
          >
            <mask
              fill="white"
              id="path-1-inside-1_910_802"
            >
              <rect
                height="13"
                rx="2"
                width="13"
                x="0.5"
              />
            </mask>
            <rect
              height="13"
              mask="url(#path-1-inside-1_910_802)"
              rx="2"
              stroke="#FFED00"
              stroke-width="6"
              width="13"
              x="0.5"
            />
            <mask
              fill="white"
              id="path-2-inside-2_910_802"
            >
              <rect
                height="13"
                rx="2"
                width="13"
                x="0.5"
                y="15"
              />
            </mask>
            <rect
              height="13"
              mask="url(#path-2-inside-2_910_802)"
              rx="2"
              stroke="#FFED00"
              stroke-width="6"
              width="13"
              x="0.5"
              y="15"
            />
            <path
              d="M17 17C17 16.7239 17.2239 16.5 17.5 16.5H26.5C26.7761 16.5 27 16.7239 27 17V26C27 26.2761 26.7761 26.5 26.5 26.5H17.5C17.2239 26.5 17 26.2761 17 26V17Z"
              stroke="#FFED00"
              stroke-width="3"
            />
            <path
              d="M17 2C17 1.72386 17.2239 1.5 17.5 1.5H26.5C26.7761 1.5 27 1.72386 27 2V11C27 11.2761 26.7761 11.5 26.5 11.5H17.5C17.2239 11.5 17 11.2761 17 11V2Z"
              stroke="#FFED00"
              stroke-width="3"
            />
          </g>
        </svg>
      </a>
    </div>
    <nav
      aria-label="menu"
      class="_nav_f4f7a7"
    >
      <a
        aria-current="page"
        class="_button_f8f296 _default_f8f296 _outlined_f8f296 _active_f8f296"
        href="/"
      >
        <span>
          Home
        </span>
      </a>
    </nav>
    <div
      class="_actions_f4f7a7"
    >
      <div
        class="_searchContainer_f4f7a7"
      >
        <div
          class="_searchBar_3bb1d7"
        >
          <svg
            aria-hidden="true"
            class="_icon_1e9999 _icon_3bb1d7"
            focusable="false"
            viewBox="0 0 31 32"
            xmlns="http://www.w3.org/2000/svg"
          >
            <g
              fill="transparent"
            >
              <path
                d="M27.8263 31.0607C28.4121 31.6464 29.3619 31.6464 29.9476 31.0607C30.5334 30.4749 30.5334 29.5251 29.9476 28.9393L27.8263 31.0607ZM29.9476 28.9393L19.9391 18.9308L17.8178 21.0521L27.8263 31.0607L29.9476 28.9393Z"
                fill="#FFED00"
              />
              <path
                d="M11.8684 22.7368C17.5947 22.7368 22.2368 18.0947 22.2368 12.3684C22.2368 6.64208 17.5947 2 11.8684 2C6.14208 2 1.5 6.64208 1.5 12.3684C1.5 18.0947 6.14208 22.7368 11.8684 22.7368Z"
                stroke="#FFED00"
                stroke-miterlimit="10"
                stroke-width="3"
              />
               
            </g>
          </svg>
          <input
            aria-label="search_bar.search_label"
            class="_input_3bb1d7"
            placeholder="search_bar.search_placeholder"
            type="text"
            value=""
          />
        </div>
      </div>
      <div
        class="_buttonContainer_f4f7a7"
      >
        <button
          class="_button_f8f296 _default_f8f296 _outlined_f8f296"
        >
          <span>
            sign_in
          </span>
        </button>
        <button
          class="_button_f8f296 _primary_f8f296"
        >
          <span>
            sign_up
          </span>
        </button>
      </div>
      <div
        aria-label="open_menu"
        class="_iconButton_0fef65 _iconButton_f4f7a7 _mobileOnly_f4f7a7"
        role="button"
        tabindex="0"
      >
        <svg
          aria-hidden="true"
          class="_icon_1e9999"
          focusable="false"
          viewBox="0 0 32 28"
          xmlns="http://www.w3.org/2000/svg"
        >
          <g
            fill="transparent"
          >
            <mask
              fill="white"
              id="path-1-inside-1_910_802"
            >
              <rect
                height="13"
                rx="2"
                width="13"
                x="0.5"
              />
            </mask>
            <rect
              height="13"
              mask="url(#path-1-inside-1_910_802)"
              rx="2"
              stroke="#FFED00"
              stroke-width="6"
              width="13"
              x="0.5"
            />
            <mask
              fill="white"
              id="path-2-inside-2_910_802"
            >
              <rect
                height="13"
                rx="2"
                width="13"
                x="0.5"
                y="15"
              />
            </mask>
            <rect
              height="13"
              mask="url(#path-2-inside-2_910_802)"
              rx="2"
              stroke="#FFED00"
              stroke-width="6"
              width="13"
              x="0.5"
              y="15"
            />
            <path
              d="M17 17C17 16.7239 17.2239 16.5 17.5 16.5H26.5C26.7761 16.5 27 16.7239 27 17V26C27 26.2761 26.7761 26.5 26.5 26.5H17.5C17.2239 26.5 17 26.2761 17 26V17Z"
              stroke="#FFED00"
              stroke-width="3"
            />
            <path
              d="M17 2C17 1.72386 17.2239 1.5 17.5 1.5H26.5C26.7761 1.5 27 1.72386 27 2V11C27 11.2761 26.7761 11.5 26.5 11.5H17.5C17.2239 11.5 17 11.2761 17 11V2Z"
              stroke="#FFED00"
              stroke-width="3"
            />
          </g>
        </svg>
      </div>
    </div>
    <div
      class="sc-bdnyFh gKqFYY"
    >
      <div
        class="sc-jrsKJM iYygVd"
        id="mobile-main-menu"
      >
        <ul
          class="sc-kEqXeH cEswkV"
        >
          <li
            class="sc-iqAbyq bFPRki"
          >
            <a
              class="sc-gtsqUy UBJb sc-hKFymg iJoBMj"
              href="https://www.seiska.fi/tuoreimmat"
            >
              Tuoreimmat
            </a>
          </li>
          <li
            class="sc-iqAbyq bFPRki"
          >
            <a
              class="sc-gtsqUy UBJb sc-hKFymg iJoBMj"
              href="https://www.seiska.fi/suosituimmat"
            >
              Luetuimmat
            </a>
          </li>
          <li
            class="sc-iqAbyq bFPRki"
          >
            <a
              class="sc-gtsqUy UBJb sc-hKFymg iJoBMj"
              href="https://www.seiska.fi/vain-seiskassa"
            >
              Vain Seiskassa
            </a>
          </li>
          <li
            class="sc-iqAbyq bFPRki"
          >
            <a
              class="sc-gtsqUy UBJb sc-hKFymg iJoBMj"
              href="https://www.seiska.fi/kotimaa"
            >
              Kotimaa
            </a>
          </li>
          <li
            class="sc-iqAbyq bFPRki"
          >
            <a
              class="sc-gtsqUy UBJb sc-hKFymg iJoBMj"
              href="https://www.seiska.fi/ulkomaat"
            >
              Ulkomaat
            </a>
          </li>
          <li
            class="sc-iqAbyq bFPRki"
          >
            <a
              class="sc-gtsqUy UBJb sc-hKFymg iJoBMj"
              href="https://www.seiska.fi/kuninkaalliset"
            >
              Kuninkaalliset
            </a>
          </li>
          <li
            class="sc-iqAbyq bFPRki"
          >
            <a
              class="sc-gtsqUy UBJb sc-hKFymg iJoBMj"
              href="https://www.seiska.fi/rikos"
            >
              Rikos
            </a>
          </li>
          <li
            class="sc-iqAbyq bFPRki"
          >
            <a
              class="sc-gtsqUy UBJb sc-hKFymg iJoBMj"
              href="https://www.seiska.fi/urheilu"
            >
              Urheilu
            </a>
          </li>
          <li
            class="sc-iqAbyq bFPRki"
          >
            <a
              class="sc-gtsqUy UBJb sc-hKFymg iJoBMj"
              href="https://www.seiska.fi/terveys"
            >
              Terveys
            </a>
          </li>
          <li
            class="sc-iqAbyq bFPRki"
          >
            <a
              class="sc-gtsqUy UBJb sc-hKFymg iJoBMj"
              href="https://www.seiska.fi/videot"
            >
              Videot
            </a>
          </li>
          <li
            class="sc-iqAbyq bFPRki"
          >
            <a
              class="sc-gtsqUy UBJb sc-hKFymg iJoBMj"
              href="https://www.seiska.fi/horoskooppi"
            >
              Horoskooppi
            </a>
          </li>
          <li
            class="sc-iqAbyq bFPRki"
          >
            <a
              class="sc-gtsqUy UBJb sc-hKFymg iJoBMj"
              href="https://www.seiska.fi/kilpailut-ja-matkat"
            >
              Kilpailut
            </a>
          </li>
          <li
            class="sc-iqAbyq bFPRki"
          >
            <div
              class="accordion"
              data-accordion-component="Accordion"
            >
              <div
                class="accordion__item"
                data-accordion-component="AccordionItem"
              >
                <div
                  aria-level="3"
                  class="accordion__heading"
                  data-accordion-component="AccordionItemHeading"
                  role="heading"
                >
                  <div
                    aria-controls="accordion__panel-:r0:"
                    aria-disabled="false"
                    aria-expanded="false"
                    bold="true"
                    class="sc-fujznN fOREje"
                    data-accordion-component="AccordionItemButton"
                    id="accordion__heading-:r0:"
                    role="button"
                    tabindex="0"
                  >
                    Katso
                    <span
                      class="sc-eCAqax sc-jSFipO sc-iCoHzw fsqkOx dGaOsA bYhkDM"
                    />
                  </div>
                </div>
                <div
                  class="sc-pNWRh jppwjX"
                  data-accordion-component="AccordionItemPanel"
                  hidden=""
                  id="accordion__panel-:r0:"
                >
                  <a
                    class="sc-gtsqUy UBJb sc-hKFymg kUOFkD"
                    href="https://www.seiska.fi/katso"
                    rel="noreferrer"
                    target="_blank"
                  >
                    Etusivu
                  </a>
                  <a
                    class="sc-gtsqUy UBJb sc-hKFymg kUOFkD"
                    href="https://www.seiska.fi/katso/suosituimmat"
                    rel="noreferrer"
                    target="_blank"
                  >
                    Suosituimmat
                  </a>
                  <a
                    class="sc-gtsqUy UBJb sc-hKFymg kUOFkD"
                    href="https://www.seiska.fi/katso/artikkelit"
                    rel="noreferrer"
                    target="_blank"
                  >
                    Artikkelit
                  </a>
                  <a
                    class="sc-gtsqUy UBJb sc-hKFymg kUOFkD"
                    href="https://www.seiska.fi/katso/ohjelmisto"
                    rel="noreferrer"
                    target="_blank"
                  >
                    Ohjelmatiedot
                  </a>
                  <a
                    class="sc-gtsqUy UBJb sc-hKFymg kUOFkD"
                    href="https://www.seiska.fi/katso/katsojaluvut"
                    rel="noreferrer"
                    target="_blank"
                  >
                    Katsojaluvut
                  </a>
                </div>
              </div>
            </div>
          </li>
          <li
            class="sc-iqAbyq bFPRki"
          >
            <div
              class="accordion"
              data-accordion-component="Accordion"
            >
              <div
                class="accordion__item"
                data-accordion-component="AccordionItem"
              >
                <div
                  aria-level="3"
                  class="accordion__heading"
                  data-accordion-component="AccordionItemHeading"
                  role="heading"
                >
                  <div
                    aria-controls="accordion__panel-:r1:"
                    aria-disabled="false"
                    aria-expanded="false"
                    bold="true"
                    class="sc-fujznN fOREje"
                    data-accordion-component="AccordionItemButton"
                    id="accordion__heading-:r1:"
                    role="button"
                    tabindex="0"
                  >
                    Muu
                    <span
                      class="sc-eCAqax sc-jSFipO sc-iCoHzw fsqkOx dGaOsA bYhkDM"
                    />
                  </div>
                </div>
                <div
                  class="sc-pNWRh jppwjX"
                  data-accordion-component="AccordionItemPanel"
                  hidden=""
                  id="accordion__panel-:r1:"
                >
                  <a
                    class="sc-gtsqUy UBJb sc-hKFymg kUOFkD"
                    href="https://www.seiska.fi/yhteystiedot"
                    rel="noreferrer"
                    target="_blank"
                  >
                    Yhteystiedot
                  </a>
                  <a
                    class="sc-gtsqUy UBJb sc-hKFymg kUOFkD"
                    href="https://www.seiska.fi/info/kommentoinnin-saannot/1116080"
                    rel="noreferrer"
                    target="_blank"
                  >
                    Kommentoinnin säännöt
                  </a>
                  <a
                    class="sc-gtsqUy UBJb sc-hKFymg kUOFkD"
                    href="https://aller.fi/meista/tietosuoja/"
                    rel="noreferrer"
                    target="_blank"
                  >
                    Tietosuojaseloste
                  </a>
                  <a
                    class="sc-gtsqUy UBJb sc-hKFymg kUOFkD"
                    href="https://www.seiska.fi/kaupallinen-yhteistyo"
                    rel="noreferrer"
                    target="_blank"
                  >
                    Kaupallinen yhteistyö
                  </a>
                </div>
              </div>
            </div>
          </li>
        </ul>
        <div
          class="sc-crzpnZ dTcYvA"
        >
          <a
            class="sc-gtsqUy UBJb sc-dlniIP sc-dItHI hGllfd cSZbUL"
            data-testid="user_tips_mobile"
            href="https://www.seiska.fi/contact/user_tips"
            id=""
            target="_blank"
          >
            Vinkkaa ja tienaa
          </a>
          <a
            class="sc-gtsqUy UBJb sc-dlniIP sc-dItHI dIYvlJ bKHJIv"
            data-testid=""
            href="https://www.seiska.fi/button"
            id=""
            target="_blank"
          >
            Tilaa
          </a>
          <a
            class="sc-gtsqUy UBJb sc-dlniIP sc-dItHI cRMuki eJOSzR"
            data-testid=""
            href="https://www.seiska.fi/verkkolehti"
            id=""
            target="_blank"
          >
            Digilehti
          </a>
        </div>
      </div>
    </div>
  </header>
</div>
`;
