// Vitest Snapshot v1, https://vitest.dev/guide/snapshot.html

exports[`<Header /> > renders header 1`] = `
<div>
  <header
    class="_container_f4f7a7"
  >
    <div
      class="_menu_f4f7a7"
    >
      <a
        aria-label="back"
        class="_link_a14c64"
      >
        <svg
          aria-hidden="true"
          class="_icon_1e9999"
          focusable="false"
          viewBox="0 0 19 29"
          xmlns="http://www.w3.org/2000/svg"
        >
          <g>
            <path
              d="M16 3L4 14.5714L16 26.1429"
              fill="none"
              stroke="#FFED00"
              stroke-linecap="round"
              stroke-width="5"
            />
          </g>
        </svg>
      </a>
    </div>
    <nav
      aria-label="menu"
      class="_nav_f4f7a7"
    >
      <a
        aria-current="page"
        class="_button_f8f296 _default_f8f296 _outlined_f8f296 _active_f8f296"
        href="/"
      >
        <span>
          Home
        </span>
      </a>
    </nav>
    <div
      class="_actions_f4f7a7"
    >
      <div
        class="_searchContainer_f4f7a7"
      >
        <div
          class="_searchBar_3bb1d7"
        >
          <svg
            aria-hidden="true"
            class="_icon_1e9999 _icon_3bb1d7"
            focusable="false"
            viewBox="0 0 31 32"
            xmlns="http://www.w3.org/2000/svg"
          >
            <g
              fill="transparent"
            >
              <path
                d="M27.8263 31.0607C28.4121 31.6464 29.3619 31.6464 29.9476 31.0607C30.5334 30.4749 30.5334 29.5251 29.9476 28.9393L27.8263 31.0607ZM29.9476 28.9393L19.9391 18.9308L17.8178 21.0521L27.8263 31.0607L29.9476 28.9393Z"
                fill="#FFED00"
              />
              <path
                d="M11.8684 22.7368C17.5947 22.7368 22.2368 18.0947 22.2368 12.3684C22.2368 6.64208 17.5947 2 11.8684 2C6.14208 2 1.5 6.64208 1.5 12.3684C1.5 18.0947 6.14208 22.7368 11.8684 22.7368Z"
                stroke="#FFED00"
                stroke-miterlimit="10"
                stroke-width="3"
              />
               
            </g>
          </svg>
          <input
            aria-label="search_bar.search_label"
            class="_input_3bb1d7"
            placeholder="search_bar.search_placeholder"
            type="text"
            value=""
          />
        </div>
      </div>
      <div
        class="_buttonContainer_f4f7a7"
      >
        <button
          class="_button_f8f296 _default_f8f296 _outlined_f8f296"
        >
          <span>
            sign_in
          </span>
        </button>
        <button
          class="_button_f8f296 _primary_f8f296"
        >
          <span>
            sign_up
          </span>
        </button>
      </div>
    </div>
    <div
      class="_hamburger_f4f7a7"
    >
      <div
        aria-label="open_menu"
        class="_iconButton_0fef65 _iconButton_f4f7a7 _mobileOnly_f4f7a7"
        role="button"
        tabindex="0"
      >
        <svg
          aria-hidden="true"
          class="_icon_1e9999"
          focusable="false"
          viewBox="0 0 24 24"
          xmlns="http://www.w3.org/2000/svg"
        >
          <g>
            <path
              d="M0 0h24v24H0V0z"
              fill="none"
            />
            <path
              d="M3 18h18v-2H3v2zm0-5h18v-2H3v2zm0-7v2h18V6H3z"
            />
          </g>
        </svg>
      </div>
    </div>
  </header>
</div>
`;
