// Vitest Snapshot v1, https://vitest.dev/guide/snapshot.html

exports[`<Layout /> > renders layout 1`] = `
.c28 {
  position: absolute;
  top: 51px;
  left: 0;
  transform: translateY(-100%);
  opacity: 0;
  pointer-events: none;
  transition: all 0.3s ease-in-out;
  z-index: 2;
  backface-visibility: hidden;
  width: 100%;
  height: 100%;
}

.c3 {
  text-decoration: none;
  cursor: pointer;
  color: #DEDEDE;
}

.c27 {
  text-decoration: none;
  cursor: pointer;
  color: inherit;
}

.c9 {
  display: inline-block;
  text-align: center;
  vertical-align: middle;
  cursor: pointer;
  user-select: none;
  font-size: 1rem;
  text-transform: uppercase;
  border: #DC5A54;
  line-height: 1.12;
  font-family: "Open Sans",sans-serif;
  font-weight: 800;
  background: #DC5A54;
  color: #1E1E1E;
  padding: 0.5rem 1rem;
  transition: all 0.2s ease-in-out;
}

.c9:hover {
  background: #C51117;
}

.c9:disabled,
.c9[disabled] {
  border: 1px solid #999999;
  background-color: #cccccc;
  color: #666666;
  cursor: not-allowed;
}

.c11 {
  display: inline-block;
  text-align: center;
  vertical-align: middle;
  cursor: pointer;
  user-select: none;
  font-size: 1rem;
  text-transform: uppercase;
  border: #49AC58;
  line-height: 1.12;
  font-family: "Open Sans",sans-serif;
  font-weight: 800;
  background: #49AC58;
  color: #1E1E1E;
  padding: 0.5rem 1rem;
  transition: all 0.2s ease-in-out;
}

.c11:hover {
  background: #29a33b;
}

.c11:disabled,
.c11[disabled] {
  border: 1px solid #999999;
  background-color: #cccccc;
  color: #666666;
  cursor: not-allowed;
}

.c12 {
  display: inline-block;
  text-align: center;
  vertical-align: middle;
  cursor: pointer;
  user-select: none;
  font-size: 1rem;
  text-transform: uppercase;
  border: #3389AA;
  line-height: 1.12;
  font-family: "Open Sans",sans-serif;
  font-weight: 800;
  background: #3389AA;
  color: #1E1E1E;
  padding: 0.5rem 1rem;
  transition: all 0.2s ease-in-out;
}

.c12:hover {
  background: #0096CC;
}

.c12:disabled,
.c12[disabled] {
  border: 1px solid #999999;
  background-color: #cccccc;
  color: #666666;
  cursor: not-allowed;
}

.c40 {
  display: inline-block;
  text-align: center;
  vertical-align: middle;
  cursor: pointer;
  user-select: none;
  font-size: 1rem;
  text-transform: uppercase;
  border: #49AC58;
  line-height: 1.12;
  font-family: "Open Sans",sans-serif;
  font-weight: 800;
  background: #49AC58;
  color: #1E1E1E;
  padding: 0.375rem 0.75rem;
  transition: all 0.2s ease-in-out;
}

.c40:hover {
  background: #29a33b;
}

.c40:disabled,
.c40[disabled] {
  border: 1px solid #999999;
  background-color: #cccccc;
  color: #666666;
  cursor: not-allowed;
}

.c42 {
  display: inline-block;
  text-align: center;
  vertical-align: middle;
  cursor: pointer;
  user-select: none;
  font-size: 1rem;
  text-transform: uppercase;
  border: #DC5A54;
  line-height: 1.12;
  font-family: "Open Sans",sans-serif;
  font-weight: 800;
  background: #DC5A54;
  color: #1E1E1E;
  padding: 0.375rem 0.75rem;
  transition: all 0.2s ease-in-out;
}

.c42:hover {
  background: #C51117;
}

.c42:disabled,
.c42[disabled] {
  border: 1px solid #999999;
  background-color: #cccccc;
  color: #666666;
  cursor: not-allowed;
}

.c44 {
  display: inline-block;
  text-align: center;
  vertical-align: middle;
  cursor: pointer;
  user-select: none;
  font-size: 1rem;
  text-transform: uppercase;
  border: #3389AA;
  line-height: 1.12;
  font-family: "Open Sans",sans-serif;
  font-weight: 800;
  background: #3389AA;
  color: #1E1E1E;
  padding: 0.375rem 0.75rem;
  transition: all 0.2s ease-in-out;
}

.c44:hover {
  background: #0096CC;
}

.c44:disabled,
.c44[disabled] {
  border: 1px solid #999999;
  background-color: #cccccc;
  color: #666666;
  cursor: not-allowed;
}

.c32 {
  font-size: 1.4375rem;
  font-weight: 700;
  line-height: 1.2;
  color: #DEDEDE;
  padding: 15px 30px;
  background-color: #1E1E1E;
  display: block;
}

.c38 {
  font-size: 1.4375rem;
  font-weight: normal;
  line-height: 1.2;
  color: #DEDEDE;
  padding: 15px 30px;
  background-color: #1E1E1E;
  display: block;
}

.c34 {
  border-style: solid;
  border-width: 3px 3px 0 0;
  display: inline-block;
  height: 20px;
  width: 20px;
  transform: rotate(-45deg);
  pointer-events: none;
}

.c35 {
  transform: rotate(135deg);
}

.c36 {
  top: 13px;
  right: 30px;
  position: absolute;
}

.c33 {
  font-size: 1.4375rem;
  font-weight: 700;
  line-height: 1.2;
  color: #DEDEDE;
  padding: 15px 30px;
  background-color: #1E1E1E;
  display: block;
  cursor: pointer;
  position: relative;
}

.c37 {
  background-color: #1E1E1E;
}

.c29 {
  background-color: #1E1E1E;
  height: 100%;
  width: 100%;
  position: relative;
  padding-top: 5px;
}

.c30 {
  list-style: none;
  margin: 0;
  padding: 0;
  height: calc(100% - 170px);
  overflow-y: auto;
}

.c30::before {
  content: '';
  position: absolute;
  left: 0;
  width: 100%;
  height: 30px;
  top: 3px;
  pointer-events: none;
  background: linear-gradient(180deg, #1E1E1E 0%, rgba(0,0,0,0) 100%);
}

.c30::after {
  content: '';
  position: absolute;
  left: 0;
  width: 100%;
  height: 90px;
  bottom: 170px;
  background: linear-gradient(0deg, #1E1E1E 0%, rgba(0,0,0,0) 100%);
  pointer-events: none;
}

.c31 {
  list-style: none;
  margin: 0;
  padding: 0;
}

.c39 {
  display: grid;
  grid-auto-flow: row dense;
  grid-template-columns: 1fr 1fr;
  grid-template-rows: 1fr 1fr;
  gap: 0px 0px;
  grid-template-areas: 'vinkkaa vinkkaa' 'tilaa digi';
  position: absolute;
  left: 0px;
  width: 100%;
}

.c41 {
  padding: 20px 10px;
  grid-area: vinkkaa;
}

.c43 {
  padding: 20px 10px;
  grid-area: tilaa;
}

.c45 {
  padding: 20px 10px;
  grid-area: digi;
}

.c16 {
  display: flex;
  transition: opacity 0.3s ease-in-out;
  flex-direction: row;
  align-items: center;
  background: #C1B839;
  color: #1E1E1E;
  z-index: 5;
}

.c17 {
  width: 100%;
  margin: 0 auto;
}

.c18 {
  list-style: none;
  display: flex;
  flex-direction: row;
  align-items: center;
  font-family: "Open Sans",sans-serif;
  font-size: 0.9rem;
  font-weight: 700;
  text-transform: capitalize;
  margin: 0;
  padding: 0;
}

.c19 {
  flex: 1;
}

.c20 {
  width: 100%;
  text-decoration: none;
  display: grid;
  place-items: center;
  white-space: nowrap;
  height: 44px;
  line-height: 1.4;
  cursor: pointer;
  color: #1E1E1E;
  transition: background-color 0.2s cubic-bezier(0.45, 0.05, 0.55, 0.95),color 0.1s cubic-bezier(0.45, 0.05, 0.55, 0.95);
}

.c20:is([data-activemenu='true']) {
  background-color: #DC5A54;
  color: #DEDEDE;
}

.c20:hover {
  background-color: #888888;
  color: #1E1E1E;
}

.c21 {
  width: 100%;
  margin: 0 auto;
  position: relative;
  padding: 0;
}

.c22 {
  position: absolute;
  bottom: 0;
  width: inherit;
  display: flex;
  flex-direction: row;
  align-items: flex-start;
  padding: 1.5rem 2.5rem;
  background-color: #1E1E1E;
  transform: translateY(0%);
  transition: all 0.3s ease-in-out;
  color: #DEDEDE;
  z-index: 4;
  backface-visibility: hidden;
  box-shadow: inset 0px -5px 8px -8px #DEDEDE;
}

.c23 {
  display: flex;
  flex-direction: column;
  margin-right: 4rem;
}

.c24 {
  margin: 0 0 0.5rem 0;
  padding: 0;
  cursor: default;
  user-select: none;
  font-size: 1.25rem;
  font-weight: bold;
  line-height: 1.6875;
}

.c25 {
  padding: 0;
  margin: 0;
}

.c26 {
  list-style: none;
  color: inherit;
  font-size: 1rem;
  margin-bottom: 0.25rem;
}

.c4 {
  text-decoration: none;
  z-index: 2;
  display: flex;
}

.c4 img {
  filter: saturate(0.54) brightness(1.3);
}

.c6 {
  fill: none;
}

.c7 {
  fill: #DC5A54;
}

.c5 {
  height: 58px;
  fill: #DC5A54;
}

.c1 {
  background-color: #1E1E1E;
}

.c2 {
  width: 100%;
  margin: 0 auto;
  position: relative;
  display: flex;
  min-height: 80px;
  align-items: center;
  justify-content: space-between;
  width: 100%;
  padding: 0 15px;
  z-index: 5;
  background-color: #1E1E1E;
}

.c8 {
  display: flex;
  align-items: center;
}

.c10 {
  max-height: 42px;
  font-size: 1rem;
  font-family: "Open Sans",sans-serif;
  margin-right: 6px;
  border: none;
  border-radius: 5px;
}

.c13 {
  cursor: pointer;
  border: 0;
  padding: 0;
  font-size: 1.25rem;
  line-height: 1;
  background-color: transparent;
  outline: none;
  margin-left: 0.5rem;
}

.c15 {
  display: inline-block;
  width: 1.5em;
  height: 1.5em;
  vertical-align: middle;
  content: '';
  background-size: 100% 100%;
  background: url('/public/images/icons/burger-menu-close.svg') no-repeat center center;
  transition: all 0.2s;
  filter: invert(1) brightness(0.805);
}

.c14 {
  display: inline-block;
  width: 1.5em;
  height: 1.5em;
  content: '';
  background-size: 100% 100%;
  position: relative;
  top: 2px;
  background: url(public/images/icons/search.svg) no-repeat center center;
  transition: all 0.2s;
  filter: invert(1) brightness(0.805);
}

.c0 {
  z-index: 5;
  flex-direction: column;
  transition: transform 200ms linear;
  background-color: #1E1E1E;
  width: 100%;
  display: none;
}

@media (min-width: 1023px) {
  .c28 {
    display: none;
  }
}

@media (max-width: 575px) {
  .c16 {
    z-index: 2;
  }
}

@media (max-width: 1023px) {
  .c17 {
    max-width: initial;
  }
}

@media (min-width: 1024px) {
  .c17 {
    max-width: 1025px;
  }
}

@media (max-width: 1023px) {
  .c17 {
    overflow-x: auto;
    -webkit-overflow-scrolling: touch;
    -ms-overflow-style: none;
    scrollbar-width: none;
  }

  .c17::-webkit-scrollbar {
    display: none;
  }
}

@media (max-width: 1023px) {
  .c18 {
    margin: 0 auto;
  }
}

@media (max-width: 1023px) {
  .c20 {
    font-size: 0.75rem;
    padding: 0 6px;
  }
}

@media (min-width: 1024px) {
  .c20 {
    padding: 0 8px;
  }
}

@media (min-width: 1200px) {
  .c20 {
    padding: 0 10px;
  }
}

@media (max-width: 1023px) {
  .c21 {
    max-width: initial;
  }
}

@media (min-width: 1024px) {
  .c21 {
    max-width: 1025px;
  }
}

@media (max-width: 576px) {
  .c21 {
    display: none;
  }
}

@media (max-width: 768px) {
  .c4 {
    max-width: 135px;
  }
}

@media (max-width: 768px) {
  .c5 {
    height: 38px;
  }
}

@media (max-width: 1023px) {
  .c2 {
    max-width: initial;
  }
}

@media (min-width: 1024px) {
  .c2 {
    max-width: 1025px;
  }
}

@media (max-width: 576px) {
  .c2 {
    min-height: 58px;
  }
}

@media (max-width: 768px) {
  .c10 {
    font-size: 0.75rem;
  }
}

@media (min-width: 1024px) {
  .c10 {
    padding: 0.75rem 1.75rem;
    font-size: 0.95rem;
  }

  .c10 :last-of-type {
    margin-right: 45px;
  }
}

@media (min-width: 1024px) {
  .c0 {
    display: flex;
  }
}

<div>
  <div
    class="_layout_c71437"
  >
    <div
      class="_main_c71437"
    >
      <div
        class="c0"
      >
        <div
          class="c1"
          id="over-nav-bar"
        >
          <div
            class="c2"
          >
            <a
              class="c3 c4"
              href="https://www.seiska.fi"
            >
              <svg
                class="c5"
                viewBox="0 0 1156.03 315.95"
                xmlns="http://www.w3.org/2000/svg"
              >
                <title
                  id="logo-seiska"
                >
                  Seiskan logo
                </title>
                <desc
                  id="logo-seiska-desc"
                >
                  Seiskan logo
                </desc>
                <path
                  class="c6"
                  d="M983.46,229.37a38,38,0,0,0,20.55-6c6.2-3.92,9.69-8.58,10.69-14.24l2-11.12c-15.46.17-27.36,2-35.41,5.37s-12.59,7.89-13.55,13.34c-.65,3.69-.16,6.45,1.5,8.43C971.54,228,976.33,229.37,983.46,229.37Z"
                />
                <path
                  class="c6"
                  d="M394,149.64c-3.48-4.33-9-6.44-16.79-6.44-17,0-28,7.42-33.4,22.66h53.64C398.36,159.08,397.2,153.63,394,149.64Z"
                />
                <path
                  class="c7"
                  d="M254.7,69.62h0C239.33,58.74,218,53.23,191.37,53.23c-27,0-50.57,5.47-70.14,16.27-19.83,10.94-31.94,28.2-36,51.28-2.8,15.87-.72,28.68,6.19,38.08a57.31,57.31,0,0,0,26.26,20c10.33,3.91,23.77,7.71,40,11.32,13.09,2.76,22.52,5.38,28,7.81,6.31,2.79,6.44,6.5,6,9.06-.85,4.83-3.73,7.94-8.81,9.51-5.59,1.73-12.56,2.61-20.7,2.61-10.9,0-18.66-1.63-23.06-4.85-4.09-3-5.31-9.34-3.63-18.86a2,2,0,0,0-.44-1.64,2,2,0,0,0-1.53-.71H70.85a2,2,0,0,0-2,1.65c-5,28.08,1,48,17.57,59.22,16.23,11,40.89,16.52,73.3,16.52,27.82,0,51.46-6.05,70.24-18,19-12,30.8-30.74,35.18-55.59,2.41-14.88.18-26.89-6.65-35.7a57,57,0,0,0-25.71-18.77c-10.06-3.71-23.28-7.31-39.3-10.72-13.49-2.75-23.25-5.43-29-8-6.68-2.92-6.8-7-6.3-9.8.55-3.12,3.12-5.86,7.66-8.15,4.84-2.44,11.57-3.68,20-3.68s14.27,1.8,17.55,5.35,4.4,7.89,3.45,13.27l-.21,1.2a2,2,0,0,0,.43,1.63,2,2,0,0,0,1.54.72h62a2,2,0,0,0,2-1.65l.64-3.64C276.62,97.36,270.39,80.73,254.7,69.62Z"
                />
                <path
                  class="c7"
                  d="M445.73,122.15c-13.22-13.93-34.82-21-64.21-21-28.08,0-51.7,7.19-70.22,21.38s-30.44,35.41-35.3,63c-5,28.31-.32,49.82,13.87,63.92s36.32,21.1,66.09,21.1c28.22,0,51-5.55,67.75-16.5s26.45-24.11,29.91-43.76a2,2,0,0,0-.43-1.63,2,2,0,0,0-1.54-.72H393.84a2,2,0,0,0-2,1.66c-1.15,6.53-3.43,9.12-8.5,13s-12.42,5.88-21.9,5.88c-10.25,0-17.3-2.64-21-7.84-3.54-5-4.56-12.64-3-22.61H454.41a2,2,0,0,0,2-1.65l1.8-10.19C463.2,157.7,459,136.15,445.73,122.15ZM343.81,165.86c5.43-15.24,16.38-22.66,33.4-22.66,7.82,0,13.31,2.11,16.79,6.44,3.2,4,4.36,9.44,3.45,16.22Z"
                />
                <path
                  class="c7"
                  d="M550.46,105.47a2,2,0,0,0-1.53-.72H489.32a2,2,0,0,0-2,1.65L459.46,264.57a2,2,0,0,0,.44,1.63,2,2,0,0,0,1.53.72H521a2,2,0,0,0,2-1.66L550.9,107.1A2,2,0,0,0,550.46,105.47Z"
                />
                <path
                  class="c7"
                  d="M492.59,90.18H552.2a2,2,0,0,0,2-1.65l7.13-40.44a2,2,0,0,0-.43-1.64,2,2,0,0,0-1.54-.71H499.72a2,2,0,0,0-2,1.65l-7.13,40.44a2,2,0,0,0,.44,1.63A2,2,0,0,0,492.59,90.18Z"
                />
                <path
                  class="c7"
                  d="M682.67,167.29a245.37,245.37,0,0,0-34.07-7.1c-10.92-1.77-18.78-3.46-23.34-5-4.82-1.63-5.06-4-4.73-5.84,1-5.67,8.19-8.54,21.39-8.54,5,0,9,.91,11.9,2.7l.15.09c4,2,5.42,5.22,4.55,10.14a2,2,0,0,0,.44,1.64,2,2,0,0,0,1.53.71h55.42a2,2,0,0,0,2-1.65c3.2-18.17-2.23-31.81-16.14-40.54h0c-13.48-8.45-31.19-12.73-52.64-12.73-23.77,0-44.1,4.2-60.43,12.5-16.64,8.45-26.86,22.84-30.37,42.77-2.21,12.54-.3,22.51,5.68,29.64a47.73,47.73,0,0,0,22.22,14.85,254,254,0,0,0,33.8,7.85c11.26,2,19.37,3.86,24.11,5.6,5.09,1.88,5.34,4.44,5,6.46-1.17,6.66-9.57,10-25,10a33.2,33.2,0,0,1-15.87-3.8c-4.23-2.28-5.87-6.26-5-12.12l.21-1.2a2,2,0,0,0-.44-1.63,2,2,0,0,0-1.53-.72H546.09a2,2,0,0,0-2,1.66c-2.31,13.1-.1,24.11,6.58,32.72s16,14.8,28,18.8a123.91,123.91,0,0,0,39.14,5.94c24.57,0,45.55-4.41,62.35-13.1,17.1-8.85,27.62-23.84,31.28-44.57,2.28-12.93.32-23.21-5.83-30.54A47.33,47.33,0,0,0,682.67,167.29Z"
                />
                <path
                  class="c7"
                  d="M857.82,171.05l68.58-62.82a2,2,0,0,0-1.35-3.48H855.56a2,2,0,0,0-1.41.58l-56.83,56.1,20-113.64a2,2,0,0,0-.44-1.64,2,2,0,0,0-1.53-.71H755.78a2,2,0,0,0-2,1.65L715.46,264.57a2,2,0,0,0,.44,1.63,2,2,0,0,0,1.53.72H777a2,2,0,0,0,2-1.66l5.9-33.42,21.59-17.91,22.63,51.79a2,2,0,0,0,1.83,1.2h67.7a2,2,0,0,0,1.69-.92,2,2,0,0,0,.13-1.92Z"
                />
                <path
                  class="c7"
                  d="M1071.14,113.57c-14-8.24-33.48-12.41-57.89-12.41-26.78,0-48.5,4.52-64.55,13.43-16.31,9-26,21.52-28.71,37a24.42,24.42,0,0,0-.46,4.59,2,2,0,0,0,2,2h58.72a2,2,0,0,0,2-1.66l.21-1.19c.73-4.14,3.16-7.08,7.44-9a38.25,38.25,0,0,1,15.78-3.12c6.27,0,11.14,1.45,14.48,4.31,3.18,2.73,4.26,6.72,3.29,12.22l-1.08,6.13c-24.42.07-44.8,1.59-60.59,4.53-16.37,3-29.71,8.78-39.64,17.05s-16.54,20.61-19.33,36.39c-2.42,13.76-.36,24.66,6.14,32.4,8,9.48,22.66,14.28,43.73,14.28,12.59,0,25.6,0,36-3.71a101.49,101.49,0,0,0,21.5-10.37l-1.23,8.14a2,2,0,0,0,.43,1.63,2,2,0,0,0,1.54.72h55.64a2,2,0,0,0,2-1.66l4.68-26.55c1.08-5.85,2.37-13.06,3.91-22q1.44-8.31,2.7-15.47l6.34-36h0c1.21-6.78,1.83-10.18,1.84-10.26C1091.26,136,1085.62,122.08,1071.14,113.57ZM1004,223.39a38,38,0,0,1-20.55,6c-7.13,0-11.92-1.41-14.26-4.2-1.66-2-2.15-4.74-1.5-8.43,1-5.45,5.52-9.94,13.55-13.34s20-5.2,35.41-5.37l-2,11.12C1013.7,214.81,1010.21,219.47,1004,223.39Z"
                />
              </svg>
            </a>
            <div
              class="c8"
            >
              <a
                class="c3 c9 c10"
                data-testid=""
                href="/button"
                id=""
                target=""
              >
                Tilaa Lehti
              </a>
              <a
                class="c3 c11 c10"
                data-testid="user_tips"
                href="/contact/user_tips"
                id=""
                target=""
              >
                Vinkkaa ja tienaa
              </a>
              <a
                class="c3 c12 c10"
                data-testid=""
                href="/verkkolehti"
                id=""
                target=""
              >
                Digilehti
              </a>
              <button
                aria-controls="search"
                aria-expanded="false"
                aria-label="Toggle Search"
                class="c13"
                data-testid="searchToggle"
                type="button"
              >
                <span
                  class="c14"
                />
              </button>
              <button
                aria-controls="mainMenu"
                aria-expanded="false"
                aria-label="Toggle navigation"
                class="c13"
                data-testid="menuToggle"
                type="button"
              >
                <span
                  class="c15"
                />
              </button>
            </div>
          </div>
        </div>
        <div
          class="c16"
          id="mainMenu"
        >
          <nav
            class="c17"
          >
            <ul
              class="c18"
            >
              <li
                class="c19"
              >
                <a
                  class="c3 c20"
                  data-activemenu="false"
                  href="https://www.seiska.fi/"
                >
                  Etusivu
                </a>
              </li>
              <li
                class="c19"
              >
                <a
                  class="c3 c20"
                  data-activemenu="false"
                  href="https://www.seiska.fi/vain-seiskassa"
                >
                  Vain Seiskassa
                </a>
              </li>
              <li
                class="c19"
              >
                <a
                  class="c3 c20"
                  data-activemenu="false"
                  href="https://www.seiska.fi/kotimaa"
                >
                  Kotimaa
                </a>
              </li>
              <li
                class="c19"
              >
                <a
                  class="c3 c20"
                  data-activemenu="false"
                  href="https://www.seiska.fi/ulkomaat"
                >
                  Ulkomaat
                </a>
              </li>
              <li
                class="c19"
              >
                <a
                  class="c3 c20"
                  data-activemenu="false"
                  href="https://www.seiska.fi/kuninkaalliset"
                >
                  Kuninkaalliset
                </a>
              </li>
              <li
                class="c19"
              >
                <a
                  class="c3 c20"
                  data-activemenu="false"
                  href="https://www.seiska.fi/katso"
                >
                  Katso
                </a>
              </li>
              <li
                class="c19"
              >
                <a
                  class="c3 c20"
                  data-activemenu="false"
                  href="https://www.seiska.fi/rikos"
                >
                  Rikos
                </a>
              </li>
              <li
                class="c19"
              >
                <a
                  class="c3 c20"
                  data-activemenu="false"
                  href="https://www.seiska.fi/urheilu"
                >
                  Urheilu
                </a>
              </li>
              <li
                class="c19"
              >
                <a
                  class="c3 c20"
                  data-activemenu="false"
                  href="https://www.seiska.fi/terveys"
                >
                  Terveys
                </a>
              </li>
              <li
                class="c19"
              >
                <a
                  class="c3 c20"
                  data-activemenu="true"
                  href="https://www.seiska.fi/videot"
                >
                  Videot
                </a>
              </li>
              <li
                class="c19"
              >
                <a
                  class="c3 c20"
                  data-activemenu="false"
                  href="https://www.seiska.fi/horoskooppi"
                >
                  Horoskooppi
                </a>
              </li>
              <li
                class="c19"
              >
                <a
                  class="c3 c20"
                  data-activemenu="false"
                  href="https://www.seiska.fi/kilpailut-ja-matkat"
                >
                  Kilpailut
                </a>
              </li>
            </ul>
          </nav>
        </div>
        <div
          class="c21"
        >
          <div
            class="c22"
          >
            <div
              class="c23"
            >
              <h3
                class="c24"
              >
                Kategoriat
              </h3>
              <menu
                class="c25"
              >
                <li
                  class="c26"
                >
                  <a
                    class="c27"
                    color="inherit"
                    href="https://www.seiska.fi/tuoreimmat"
                  >
                    Tuoreimmat
                  </a>
                </li>
                <li
                  class="c26"
                >
                  <a
                    class="c27"
                    color="inherit"
                    href="https://www.seiska.fi/suosituimmat"
                  >
                    Luetuimmat
                  </a>
                </li>
                <li
                  class="c26"
                >
                  <a
                    class="c27"
                    color="inherit"
                    href="https://www.seiska.fi/vain-seiskassa"
                  >
                    Vain Seiskassa
                  </a>
                </li>
                <li
                  class="c26"
                >
                  <a
                    class="c27"
                    color="inherit"
                    href="https://www.seiska.fi/kotimaa"
                  >
                    Kotimaa
                  </a>
                </li>
                <li
                  class="c26"
                >
                  <a
                    class="c27"
                    color="inherit"
                    href="https://www.seiska.fi/ulkomaat"
                  >
                    Ulkomaat
                  </a>
                </li>
                <li
                  class="c26"
                >
                  <a
                    class="c27"
                    color="inherit"
                    href="https://www.seiska.fi/kuninkaalliset"
                  >
                    Kuninkaalliset
                  </a>
                </li>
                <li
                  class="c26"
                >
                  <a
                    class="c27"
                    color="inherit"
                    href="https://www.seiska.fi/rikos"
                  >
                    Rikos
                  </a>
                </li>
                <li
                  class="c26"
                >
                  <a
                    class="c27"
                    color="inherit"
                    href="https://www.seiska.fi/urheilu"
                  >
                    Urheilu
                  </a>
                </li>
                <li
                  class="c26"
                >
                  <a
                    class="c27"
                    color="inherit"
                    href="https://www.seiska.fi/terveys"
                  >
                    Terveys
                  </a>
                </li>
                <li
                  class="c26"
                >
                  <a
                    class="c27"
                    color="inherit"
                    href="https://www.seiska.fi/videot"
                  >
                    Videot
                  </a>
                </li>
                <li
                  class="c26"
                >
                  <a
                    class="c27"
                    color="inherit"
                    href="https://www.seiska.fi/horoskooppi"
                  >
                    Horoskooppi
                  </a>
                </li>
                <li
                  class="c26"
                >
                  <a
                    class="c27"
                    color="inherit"
                    href="https://www.seiska.fi/kilpailut-ja-matkat"
                  >
                    Kilpailut
                  </a>
                </li>
              </menu>
            </div>
            <div
              class="c23"
            >
              <h3
                class="c24"
              >
                Katso
              </h3>
              <menu
                class="c25"
              >
                <li
                  class="c26"
                >
                  <a
                    class="c27"
                    color="inherit"
                    href="https://www.seiska.fi/katso/suosituimmat"
                  >
                    Suosituimmat
                  </a>
                </li>
                <li
                  class="c26"
                >
                  <a
                    class="c27"
                    color="inherit"
                    href="https://www.seiska.fi/katso/artikkelit"
                  >
                    Artikkelit
                  </a>
                </li>
                <li
                  class="c26"
                >
                  <a
                    class="c27"
                    color="inherit"
                    href="https://www.seiska.fi/katso/ohjelmisto"
                  >
                    Ohjelmatiedot
                  </a>
                </li>
                <li
                  class="c26"
                >
                  <a
                    class="c27"
                    color="inherit"
                    href="https://www.seiska.fi/katso/katsojaluvut"
                  >
                    Katsojaluvut
                  </a>
                </li>
              </menu>
            </div>
            <div
              class="c23"
            >
              <h3
                class="c24"
              >
                Muu
              </h3>
              <menu
                class="c25"
              >
                <li
                  class="c26"
                >
                  <a
                    class="c27"
                    color="inherit"
                    href="https://www.seiska.fi/yhteystiedot"
                  >
                    Yhteystiedot
                  </a>
                </li>
                <li
                  class="c26"
                >
                  <a
                    class="c27"
                    color="inherit"
                    href="https://www.seiska.fi/info/kommentoinnin-saannot/1116080"
                  >
                    Kommentoinnin säännöt
                  </a>
                </li>
                <li
                  class="c26"
                >
                  <a
                    class="c27"
                    color="inherit"
                    href="https://aller.fi/meista/tietosuoja/"
                  >
                    Tietosuojaseloste
                  </a>
                </li>
                <li
                  class="c26"
                >
                  <a
                    class="c27"
                    color="inherit"
                    href="https://www.seiska.fi/kaupallinen-yhteistyo"
                  >
                    Kaupallinen yhteistyö
                  </a>
                </li>
              </menu>
            </div>
          </div>
        </div>
      </div>
      <header
        class="_container_f4f7a7"
      >
        <div
          class="_menu_f4f7a7"
        >
          <a
            class="_link_a14c64"
            href="/p/gRb8jEQx"
          >
            <svg
              aria-hidden="true"
              class="_icon_1e9999"
              focusable="false"
              viewBox="0 0 32 28"
              xmlns="http://www.w3.org/2000/svg"
            >
              <g
                fill="transparent"
              >
                <mask
                  fill="white"
                  id="path-1-inside-1_910_802"
                >
                  <rect
                    height="13"
                    rx="2"
                    width="13"
                    x="0.5"
                  />
                </mask>
                <rect
                  height="13"
                  mask="url(#path-1-inside-1_910_802)"
                  rx="2"
                  stroke="#FFED00"
                  stroke-width="6"
                  width="13"
                  x="0.5"
                />
                <mask
                  fill="white"
                  id="path-2-inside-2_910_802"
                >
                  <rect
                    height="13"
                    rx="2"
                    width="13"
                    x="0.5"
                    y="15"
                  />
                </mask>
                <rect
                  height="13"
                  mask="url(#path-2-inside-2_910_802)"
                  rx="2"
                  stroke="#FFED00"
                  stroke-width="6"
                  width="13"
                  x="0.5"
                  y="15"
                />
                <path
                  d="M17 17C17 16.7239 17.2239 16.5 17.5 16.5H26.5C26.7761 16.5 27 16.7239 27 17V26C27 26.2761 26.7761 26.5 26.5 26.5H17.5C17.2239 26.5 17 26.2761 17 26V17Z"
                  stroke="#FFED00"
                  stroke-width="3"
                />
                <path
                  d="M17 2C17 1.72386 17.2239 1.5 17.5 1.5H26.5C26.7761 1.5 27 1.72386 27 2V11C27 11.2761 26.7761 11.5 26.5 11.5H17.5C17.2239 11.5 17 11.2761 17 11V2Z"
                  stroke="#FFED00"
                  stroke-width="3"
                />
              </g>
            </svg>
          </a>
        </div>
        <nav
          aria-label="menu"
          class="_nav_f4f7a7"
        />
        <div
          class="_actions_f4f7a7"
        />
        <div
          class="_hamburger_f4f7a7"
        >
          <div
            aria-label="open_menu"
            class="_iconButton_0fef65 _iconButton_f4f7a7 _mobileOnly_f4f7a7"
            role="button"
            tabindex="0"
          >
            <svg
              aria-hidden="true"
              class="_icon_1e9999"
              focusable="false"
              viewBox="0 0 24 24"
              xmlns="http://www.w3.org/2000/svg"
            >
              <g>
                <path
                  d="M0 0h24v24H0V0z"
                  fill="none"
                />
                <path
                  d="M3 18h18v-2H3v2zm0-5h18v-2H3v2zm0-7v2h18V6H3z"
                />
              </g>
            </svg>
          </div>
        </div>
      </header>
      <div
        class="c28"
      >
        <div
          class="c29"
          id="mobile-main-menu"
        >
          <ul
            class="c30"
          >
            <li
              class="c31"
            >
              <a
                class="c3 c32"
                href="https://www.seiska.fi/tuoreimmat"
              >
                Tuoreimmat
              </a>
            </li>
            <li
              class="c31"
            >
              <a
                class="c3 c32"
                href="https://www.seiska.fi/suosituimmat"
              >
                Luetuimmat
              </a>
            </li>
            <li
              class="c31"
            >
              <a
                class="c3 c32"
                href="https://www.seiska.fi/vain-seiskassa"
              >
                Vain Seiskassa
              </a>
            </li>
            <li
              class="c31"
            >
              <a
                class="c3 c32"
                href="https://www.seiska.fi/kotimaa"
              >
                Kotimaa
              </a>
            </li>
            <li
              class="c31"
            >
              <a
                class="c3 c32"
                href="https://www.seiska.fi/ulkomaat"
              >
                Ulkomaat
              </a>
            </li>
            <li
              class="c31"
            >
              <a
                class="c3 c32"
                href="https://www.seiska.fi/kuninkaalliset"
              >
                Kuninkaalliset
              </a>
            </li>
            <li
              class="c31"
            >
              <a
                class="c3 c32"
                href="https://www.seiska.fi/rikos"
              >
                Rikos
              </a>
            </li>
            <li
              class="c31"
            >
              <a
                class="c3 c32"
                href="https://www.seiska.fi/urheilu"
              >
                Urheilu
              </a>
            </li>
            <li
              class="c31"
            >
              <a
                class="c3 c32"
                href="https://www.seiska.fi/terveys"
              >
                Terveys
              </a>
            </li>
            <li
              class="c31"
            >
              <a
                class="c3 c32"
                href="https://www.seiska.fi/videot"
              >
                Videot
              </a>
            </li>
            <li
              class="c31"
            >
              <a
                class="c3 c32"
                href="https://www.seiska.fi/horoskooppi"
              >
                Horoskooppi
              </a>
            </li>
            <li
              class="c31"
            >
              <a
                class="c3 c32"
                href="https://www.seiska.fi/kilpailut-ja-matkat"
              >
                Kilpailut
              </a>
            </li>
            <li
              class="c31"
            >
              <div
                class="accordion"
                data-accordion-component="Accordion"
              >
                <div
                  class="accordion__item"
                  data-accordion-component="AccordionItem"
                >
                  <div
                    aria-level="3"
                    class="accordion__heading"
                    data-accordion-component="AccordionItemHeading"
                    role="heading"
                  >
                    <div
                      aria-controls="accordion__panel-:r0:"
                      aria-disabled="false"
                      aria-expanded="false"
                      class="c33"
                      data-accordion-component="AccordionItemButton"
                      id="accordion__heading-:r0:"
                      role="button"
                      tabindex="0"
                    >
                      Katso
                      <span
                        class="c34 c35 c36"
                      />
                    </div>
                  </div>
                  <div
                    class="c37"
                    data-accordion-component="AccordionItemPanel"
                    hidden=""
                    id="accordion__panel-:r0:"
                  >
                    <a
                      class="c3 c38"
                      href="https://www.seiska.fi/katso"
                      rel="noreferrer"
                      target="_blank"
                    >
                      Etusivu
                    </a>
                    <a
                      class="c3 c38"
                      href="https://www.seiska.fi/katso/suosituimmat"
                      rel="noreferrer"
                      target="_blank"
                    >
                      Suosituimmat
                    </a>
                    <a
                      class="c3 c38"
                      href="https://www.seiska.fi/katso/artikkelit"
                      rel="noreferrer"
                      target="_blank"
                    >
                      Artikkelit
                    </a>
                    <a
                      class="c3 c38"
                      href="https://www.seiska.fi/katso/ohjelmisto"
                      rel="noreferrer"
                      target="_blank"
                    >
                      Ohjelmatiedot
                    </a>
                    <a
                      class="c3 c38"
                      href="https://www.seiska.fi/katso/katsojaluvut"
                      rel="noreferrer"
                      target="_blank"
                    >
                      Katsojaluvut
                    </a>
                  </div>
                </div>
              </div>
            </li>
            <li
              class="c31"
            >
              <div
                class="accordion"
                data-accordion-component="Accordion"
              >
                <div
                  class="accordion__item"
                  data-accordion-component="AccordionItem"
                >
                  <div
                    aria-level="3"
                    class="accordion__heading"
                    data-accordion-component="AccordionItemHeading"
                    role="heading"
                  >
                    <div
                      aria-controls="accordion__panel-:r1:"
                      aria-disabled="false"
                      aria-expanded="false"
                      class="c33"
                      data-accordion-component="AccordionItemButton"
                      id="accordion__heading-:r1:"
                      role="button"
                      tabindex="0"
                    >
                      Muu
                      <span
                        class="c34 c35 c36"
                      />
                    </div>
                  </div>
                  <div
                    class="c37"
                    data-accordion-component="AccordionItemPanel"
                    hidden=""
                    id="accordion__panel-:r1:"
                  >
                    <a
                      class="c3 c38"
                      href="https://www.seiska.fi/yhteystiedot"
                      rel="noreferrer"
                      target="_blank"
                    >
                      Yhteystiedot
                    </a>
                    <a
                      class="c3 c38"
                      href="https://www.seiska.fi/info/kommentoinnin-saannot/1116080"
                      rel="noreferrer"
                      target="_blank"
                    >
                      Kommentoinnin säännöt
                    </a>
                    <a
                      class="c3 c38"
                      href="https://aller.fi/meista/tietosuoja/"
                      rel="noreferrer"
                      target="_blank"
                    >
                      Tietosuojaseloste
                    </a>
                    <a
                      class="c3 c38"
                      href="https://www.seiska.fi/kaupallinen-yhteistyo"
                      rel="noreferrer"
                      target="_blank"
                    >
                      Kaupallinen yhteistyö
                    </a>
                  </div>
                </div>
              </div>
            </li>
          </ul>
          <div
            class="c39"
          >
            <a
              class="c3 c40 c41"
              data-testid="user_tips_mobile"
              href="https://www.seiska.fi/contact/user_tips"
              id=""
              target="_blank"
            >
              Vinkkaa ja tienaa
            </a>
            <a
              class="c3 c42 c43"
              data-testid=""
              href="https://www.seiska.fi/button"
              id=""
              target="_blank"
            >
              Tilaa
            </a>
            <a
              class="c3 c44 c45"
              data-testid=""
              href="https://www.seiska.fi/verkkolehti"
              id=""
              target="_blank"
            >
              Digilehti
            </a>
          </div>
        </div>
      </div>
      <div
        class="_backdrop_577f70"
      />
      <div
        class="_sidebar_577f70"
      >
        <div
          class="_heading_577f70"
        >
          <div
            aria-label="close_menu"
            class="_iconButton_0fef65"
            role="button"
            tabindex="-1"
          >
            <svg
              aria-hidden="true"
              class="_icon_1e9999"
              focusable="false"
              viewBox="0 0 24 24"
              xmlns="http://www.w3.org/2000/svg"
            >
              <g>
                <path
                  d="M19 6.41L17.59 5 12 10.59 6.41 5 5 6.41 10.59 12 5 17.59 6.41 19 12 13.41 17.59 19 19 17.59 13.41 12z"
                />
                <path
                  d="M0 0h24v24H0z"
                  fill="none"
                />
              </g>
            </svg>
          </div>
        </div>
        <nav
          class="_group_577f70"
        >
          <a
            aria-current="page"
            aria-label="home"
            class="_menuButton_91706b _active_91706b"
            href="/"
            tabindex="-1"
          >
            <span>
              home
            </span>
          </a>
          <hr
            class="_divider_c71437"
          />
        </nav>
      </div>
    </div>
  </div>
</div>
`;
